2026-09-05 02:02:54,055 | INFO | Notebook started.
2026-09-05 02:02:54,057 | INFO | Device: cuda
2026-09-05 02:02:54,058 | INFO | Model: google/mt5-base
2026-09-05 02:05:10,660 | INFO | train spremni primeri: 100
2026-09-05 02:05:10,675 | INFO | validation spremni primeri: 21
2026-09-05 02:07:41,391 | INFO | Chunkovi: 356
2026-09-05 02:07:41,392 | INFO | Train pitanja: 100
2026-09-05 02:07:41,393 | INFO | Validation pitanja: 21
2026-09-05 02:07:41,395 | INFO | Test pitanja: 22
2026-09-05 02:08:23,515 | INFO | train prepared examples: 100
2026-09-05 02:08:24,008 | INFO | validation prepared examples: 21
2026-09-05 02:08:54,040 | INFO | Train inputs over 1024 tokens: 0/100
2026-09-05 02:08:54,042 | INFO | Validation inputs over 1024 tokens: 0/21
2026-09-05 02:17:21,572 | INFO | Koraci optimizacije/epoha=13, ukupno=65, warmup=6
2026-09-05 02:27:14,243 | INFO | Notebook started.
2026-09-05 02:27:14,502 | INFO | Device: cpu
2026-09-05 02:27:14,511 | INFO | Model: google/mt5-base
2026-09-05 02:27:17,415 | INFO | Chunkovi: 356
2026-09-05 02:27:17,416 | INFO | Train pitanja: 100
2026-09-05 02:27:17,416 | INFO | Validation pitanja: 21
2026-09-05 02:27:17,417 | INFO | Test pitanja: 22
2026-09-05 02:27:35,769 | INFO | train prepared examples: 100
2026-09-05 02:27:36,089 | INFO | validation prepared examples: 21
2026-09-05 02:27:40,444 | INFO | Train inputs over 1024 tokens: 0/100
2026-09-05 02:27:40,445 | INFO | Validation inputs over 1024 tokens: 0/21
2026-09-05 02:29:23,565 | INFO | Koraci optimizacije/epoha=13, ukupno=65, warmup=6
